// Jest Snapshot v1, https://goo.gl/fbAQLP

exports[`Btn component should renders correctly 1`] = `
<div>
  <div
    class="btn-area"
  >
    <button
      class="secondary-btn active"
    >
      Pending
    </button>
    <button
      class="secondary-btn false"
    >
      Completed
    </button>
  </div>
</div>
`;
